Archive member included because of file (symbol)

libmote.a(serialsource.o)     seriallisten.o (open_serial_source)
/usr/lib/i386-linux-gnu/libc_nonshared.a(elf-init.oS)
                              /usr/lib/gcc/i686-linux-gnu/4.6/../../../i386-linux-gnu/crt1.o (__libc_csu_init)

Discarded input sections

 .note.GNU-stack
                0x0000000000000000        0x0 /usr/lib/gcc/i686-linux-gnu/4.6/../../../i386-linux-gnu/crt1.o
 .gnu_debuglink
                0x0000000000000000        0xc /usr/lib/gcc/i686-linux-gnu/4.6/../../../i386-linux-gnu/crt1.o
 .note.GNU-stack
                0x0000000000000000        0x0 /usr/lib/gcc/i686-linux-gnu/4.6/../../../i386-linux-gnu/crti.o
 .gnu_debuglink
                0x0000000000000000        0xc /usr/lib/gcc/i686-linux-gnu/4.6/../../../i386-linux-gnu/crti.o
 .note.GNU-stack
                0x0000000000000000        0x0 /usr/lib/gcc/i686-linux-gnu/4.6/crtbegin.o
 .note.GNU-stack
                0x0000000000000000        0x0 seriallisten.o
 .note.GNU-stack
                0x0000000000000000        0x0 libmote.a(serialsource.o)
 .group         0x0000000000000000        0x8 /usr/lib/i386-linux-gnu/libc_nonshared.a(elf-init.oS)
 .note.GNU-stack
                0x0000000000000000        0x0 /usr/lib/i386-linux-gnu/libc_nonshared.a(elf-init.oS)
 .note.GNU-stack
                0x0000000000000000        0x0 /usr/lib/gcc/i686-linux-gnu/4.6/crtend.o
 .note.GNU-stack
                0x0000000000000000        0x0 /usr/lib/gcc/i686-linux-gnu/4.6/../../../i386-linux-gnu/crtn.o
 .gnu_debuglink
                0x0000000000000000        0xc /usr/lib/gcc/i686-linux-gnu/4.6/../../../i386-linux-gnu/crtn.o

Memory Configuration

Name             Origin             Length             Attributes
*default*        0x0000000000000000 0xffffffffffffffff

Linker script and memory map

LOAD /usr/lib/gcc/i686-linux-gnu/4.6/../../../i386-linux-gnu/crt1.o
LOAD /usr/lib/gcc/i686-linux-gnu/4.6/../../../i386-linux-gnu/crti.o
LOAD /usr/lib/gcc/i686-linux-gnu/4.6/crtbegin.o
LOAD seriallisten.o
LOAD libmote.a
LOAD /usr/lib/gcc/i686-linux-gnu/4.6/libgcc.a
LOAD /usr/lib/gcc/i686-linux-gnu/4.6/libgcc_s.so
LOAD /usr/lib/gcc/i686-linux-gnu/4.6/../../../i386-linux-gnu/libc.so
START GROUP
LOAD /lib/i386-linux-gnu/libc.so.6
LOAD /usr/lib/i386-linux-gnu/libc_nonshared.a
LOAD /lib/i386-linux-gnu/ld-linux.so.2
END GROUP
LOAD /usr/lib/gcc/i686-linux-gnu/4.6/libgcc.a
LOAD /usr/lib/gcc/i686-linux-gnu/4.6/libgcc_s.so
LOAD /usr/lib/gcc/i686-linux-gnu/4.6/crtend.o
LOAD /usr/lib/gcc/i686-linux-gnu/4.6/../../../i386-linux-gnu/crtn.o
                0x0000000008048000                PROVIDE (__executable_start, 0x8048000)
                0x0000000008048154                . = (0x8048000 + SIZEOF_HEADERS)

.interp         0x0000000008048154       0x13
 *(.interp)
 .interp        0x0000000008048154       0x13 /usr/lib/gcc/i686-linux-gnu/4.6/../../../i386-linux-gnu/crt1.o

.note.ABI-tag   0x0000000008048168       0x20
 .note.ABI-tag  0x0000000008048168       0x20 /usr/lib/gcc/i686-linux-gnu/4.6/../../../i386-linux-gnu/crt1.o

.note.gnu.build-id
                0x0000000008048188       0x24
 *(.note.gnu.build-id)
 .note.gnu.build-id
                0x0000000008048188       0x24 /usr/lib/gcc/i686-linux-gnu/4.6/../../../i386-linux-gnu/crt1.o

.hash
 *(.hash)

.gnu.hash       0x00000000080481ac       0x24
 *(.gnu.hash)
 .gnu.hash      0x00000000080481ac       0x24 /usr/lib/gcc/i686-linux-gnu/4.6/../../../i386-linux-gnu/crt1.o

.dynsym         0x00000000080481d0      0x1e0
 *(.dynsym)
 .dynsym        0x00000000080481d0      0x1e0 /usr/lib/gcc/i686-linux-gnu/4.6/../../../i386-linux-gnu/crt1.o

.dynstr         0x00000000080483b0      0x13f
 *(.dynstr)
 .dynstr        0x00000000080483b0      0x13f /usr/lib/gcc/i686-linux-gnu/4.6/../../../i386-linux-gnu/crt1.o

.gnu.version    0x00000000080484f0       0x3c
 *(.gnu.version)
 .gnu.version   0x00000000080484f0       0x3c /usr/lib/gcc/i686-linux-gnu/4.6/../../../i386-linux-gnu/crt1.o

.gnu.version_d  0x000000000804852c        0x0
 *(.gnu.version_d)
 .gnu.version_d
                0x0000000000000000        0x0 /usr/lib/gcc/i686-linux-gnu/4.6/../../../i386-linux-gnu/crt1.o

.gnu.version_r  0x000000000804852c       0x50
 *(.gnu.version_r)
 .gnu.version_r
                0x000000000804852c       0x50 /usr/lib/gcc/i686-linux-gnu/4.6/../../../i386-linux-gnu/crt1.o

.rel.dyn        0x000000000804857c       0x10
 *(.rel.init)
 *(.rel.text .rel.text.* .rel.gnu.linkonce.t.*)
 .rel.text      0x0000000000000000        0x0 /usr/lib/gcc/i686-linux-gnu/4.6/../../../i386-linux-gnu/crt1.o
 *(.rel.fini)
 *(.rel.rodata .rel.rodata.* .rel.gnu.linkonce.r.*)
 *(.rel.data.rel.ro* .rel.gnu.linkonce.d.rel.ro.*)
 *(.rel.data .rel.data.* .rel.gnu.linkonce.d.*)
 *(.rel.tdata .rel.tdata.* .rel.gnu.linkonce.td.*)
 *(.rel.tbss .rel.tbss.* .rel.gnu.linkonce.tb.*)
 *(.rel.ctors)
 *(.rel.dtors)
 *(.rel.got)
 .rel.got       0x000000000804857c        0x8 /usr/lib/gcc/i686-linux-gnu/4.6/../../../i386-linux-gnu/crt1.o
 *(.rel.bss .rel.bss.* .rel.gnu.linkonce.b.*)
 .rel.bss       0x0000000008048584        0x8 /usr/lib/gcc/i686-linux-gnu/4.6/../../../i386-linux-gnu/crt1.o
 *(.rel.ifunc)

.rel.plt        0x000000000804858c       0xd8
 *(.rel.plt)
 .rel.plt       0x000000000804858c       0xd8 /usr/lib/gcc/i686-linux-gnu/4.6/../../../i386-linux-gnu/crt1.o
                0x0000000008048664                PROVIDE (__rel_iplt_start, .)
 *(.rel.iplt)
 .rel.iplt      0x0000000000000000        0x0 /usr/lib/gcc/i686-linux-gnu/4.6/../../../i386-linux-gnu/crt1.o
                0x0000000008048664                PROVIDE (__rel_iplt_end, .)

.init           0x0000000008048664       0x2e
 *(.init)
 .init          0x0000000008048664       0x1f /usr/lib/gcc/i686-linux-gnu/4.6/../../../i386-linux-gnu/crti.o
                0x0000000008048664                _init
 .init          0x0000000008048683        0x5 /usr/lib/gcc/i686-linux-gnu/4.6/crtbegin.o
 .init          0x0000000008048688        0x5 /usr/lib/gcc/i686-linux-gnu/4.6/crtend.o
 .init          0x000000000804868d        0x5 /usr/lib/gcc/i686-linux-gnu/4.6/../../../i386-linux-gnu/crtn.o

.plt            0x00000000080486a0      0x1c0
 *(.plt)
 .plt           0x00000000080486a0      0x1c0 /usr/lib/gcc/i686-linux-gnu/4.6/../../../i386-linux-gnu/crt1.o
                0x00000000080486b0                strcmp@@GLIBC_2.0
                0x00000000080486c0                read@@GLIBC_2.0
                0x00000000080486d0                printf@@GLIBC_2.0
                0x00000000080486e0                tcflush@@GLIBC_2.0
                0x00000000080486f0                memmove@@GLIBC_2.0
                0x0000000008048700                free@@GLIBC_2.0
                0x0000000008048710                memcpy@@GLIBC_2.0
                0x0000000008048720                cfsetospeed@@GLIBC_2.0
                0x0000000008048730                gettimeofday@@GLIBC_2.0
                0x0000000008048740                select@@GLIBC_2.0
                0x0000000008048750                __stack_chk_fail@@GLIBC_2.4
                0x0000000008048760                __fdelt_chk@@GLIBC_2.15
                0x0000000008048770                tcsetattr@@GLIBC_2.0
                0x0000000008048780                malloc@@GLIBC_2.0
                0x00000000080487a0                exit@@GLIBC_2.0
                0x00000000080487b0                open@@GLIBC_2.0
                0x00000000080487c0                __libc_start_main@@GLIBC_2.0
                0x00000000080487d0                fprintf@@GLIBC_2.0
                0x00000000080487e0                write@@GLIBC_2.0
                0x00000000080487f0                cfsetispeed@@GLIBC_2.0
                0x0000000008048800                fcntl@@GLIBC_2.0
                0x0000000008048810                putchar@@GLIBC_2.0
                0x0000000008048820                __errno_location@@GLIBC_2.0
                0x0000000008048830                strtol@@GLIBC_2.0
                0x0000000008048840                close@@GLIBC_2.0
                0x0000000008048850                __ctype_b_loc@@GLIBC_2.3
 *(.iplt)
 .iplt          0x0000000000000000        0x0 /usr/lib/gcc/i686-linux-gnu/4.6/../../../i386-linux-gnu/crt1.o

.text           0x0000000008048860     0x125c
 *(.text.unlikely .text.*_unlikely)
 *(.text.exit .text.exit.*)
 *(.text.startup .text.startup.*)
 *(.text.hot .text.hot.*)
 *(.text .stub .text.* .gnu.linkonce.t.*)
 .text          0x0000000008048860       0x24 /usr/lib/gcc/i686-linux-gnu/4.6/../../../i386-linux-gnu/crt1.o
                0x0000000008048860                _start
 .text          0x0000000008048884        0x0 /usr/lib/gcc/i686-linux-gnu/4.6/../../../i386-linux-gnu/crti.o
 *fill*         0x0000000008048884        0xc 90909090
 .text          0x0000000008048890       0x83 /usr/lib/gcc/i686-linux-gnu/4.6/crtbegin.o
 *fill*         0x0000000008048913        0x1 90909090
 .text          0x0000000008048914      0x15d seriallisten.o
                0x0000000008048914                stderr_msg
                0x0000000008048940                main
 *fill*         0x0000000008048a71        0xf 90909090
 .text          0x0000000008048a80      0xf8d libmote.a(serialsource.o)
                0x0000000008049270                open_serial_source
                0x0000000008049680                serial_source_fd
                0x0000000008049690                close_serial_source
                0x00000000080496d0                serial_source_empty
                0x0000000008049700                read_serial_packet
                0x0000000008049780                write_serial_packet
                0x0000000008049880                platform_baud_rate
 *fill*         0x0000000008049a0d        0x3 90909090
 .text          0x0000000008049a10       0x72 /usr/lib/i386-linux-gnu/libc_nonshared.a(elf-init.oS)
                0x0000000008049a10                __libc_csu_init
                0x0000000008049a80                __libc_csu_fini
 .text.__i686.get_pc_thunk.bx
                0x0000000008049a82        0x4 /usr/lib/i386-linux-gnu/libc_nonshared.a(elf-init.oS)
                0x0000000008049a82                __i686.get_pc_thunk.bx
 *fill*         0x0000000008049a86        0xa 90909090
 .text          0x0000000008049a90       0x2a /usr/lib/gcc/i686-linux-gnu/4.6/crtend.o
 *fill*         0x0000000008049aba        0x2 90909090
 .text          0x0000000008049abc        0x0 /usr/lib/gcc/i686-linux-gnu/4.6/../../../i386-linux-gnu/crtn.o
 *(.gnu.warning)

.fini           0x0000000008049abc       0x1a
 *(.fini)
 .fini          0x0000000008049abc       0x10 /usr/lib/gcc/i686-linux-gnu/4.6/../../../i386-linux-gnu/crti.o
                0x0000000008049abc                _fini
 .fini          0x0000000008049acc        0x5 /usr/lib/gcc/i686-linux-gnu/4.6/crtbegin.o
 .fini          0x0000000008049ad1        0x5 /usr/lib/gcc/i686-linux-gnu/4.6/../../../i386-linux-gnu/crtn.o
                0x0000000008049ad6                PROVIDE (__etext, .)
                0x0000000008049ad6                PROVIDE (_etext, .)
                0x0000000008049ad6                PROVIDE (etext, .)

.rodata         0x0000000008049ad8      0x13f
 *(.rodata .rodata.* .gnu.linkonce.r.*)
 .rodata        0x0000000008049ad8        0x4 /usr/lib/gcc/i686-linux-gnu/4.6/../../../i386-linux-gnu/crt1.o
                0x0000000008049ad8                _fp_hw
 .rodata.cst4   0x0000000008049adc        0x4 /usr/lib/gcc/i686-linux-gnu/4.6/../../../i386-linux-gnu/crt1.o
                0x0000000008049adc                _IO_stdin_used
 .rodata        0x0000000008049ae0       0xda seriallisten.o
 .rodata.str1.1
                0x0000000008049bba       0x5d libmote.a(serialsource.o)

.rodata1
 *(.rodata1)

.eh_frame_hdr   0x0000000008049c18       0x9c
 *(.eh_frame_hdr)
 .eh_frame_hdr  0x0000000008049c18       0x9c /usr/lib/gcc/i686-linux-gnu/4.6/../../../i386-linux-gnu/crt1.o

.eh_frame       0x0000000008049cb4      0x328
 *(.eh_frame)
 .eh_frame      0x0000000008049cb4       0x3c /usr/lib/gcc/i686-linux-gnu/4.6/../../../i386-linux-gnu/crt1.o
                                         0x40 (size before relaxing)
 .eh_frame      0x0000000008049cf0       0x3c seriallisten.o
                                         0x54 (size before relaxing)
 .eh_frame      0x0000000008049d2c      0x248 libmote.a(serialsource.o)
                                        0x260 (size before relaxing)
 .eh_frame      0x0000000008049f74       0x64 /usr/lib/i386-linux-gnu/libc_nonshared.a(elf-init.oS)
                                         0x7c (size before relaxing)
 .eh_frame      0x0000000008049fd8        0x4 /usr/lib/gcc/i686-linux-gnu/4.6/crtend.o

.gcc_except_table
 *(.gcc_except_table .gcc_except_table.*)

.exception_ranges
 *(.exception_ranges .exception_ranges*)
                0x0000000008049fdc                . = (ALIGN (0x1000) - ((0x1000 - .) & 0xfff))
                0x000000000804af14                . = DATA_SEGMENT_ALIGN (0x1000, 0x1000)

.eh_frame
 *(.eh_frame)

.gcc_except_table
 *(.gcc_except_table .gcc_except_table.*)

.exception_ranges
 *(.exception_ranges .exception_ranges*)

.tdata
 *(.tdata .tdata.* .gnu.linkonce.td.*)

.tbss
 *(.tbss .tbss.* .gnu.linkonce.tb.*)
 *(.tcommon)

.preinit_array  0x000000000804af14        0x0
                0x000000000804af14                PROVIDE (__preinit_array_start, .)
 *(.preinit_array)
                0x000000000804af14                PROVIDE (__preinit_array_end, .)

.init_array     0x000000000804af14        0x0
                0x000000000804af14                PROVIDE (__init_array_start, .)
 *(SORT(.init_array.*) SORT(.ctors.*))
 *(.init_array)
 *(EXCLUDE_FILE(*crtend?.o *crtend.o *crtbegin?.o *crtbegin.o) .ctors)
                0x000000000804af14                PROVIDE (__init_array_end, .)

.fini_array     0x000000000804af14        0x0
                0x000000000804af14                PROVIDE (__fini_array_start, .)
 *(SORT(.fini_array.*) SORT(.dtors.*))
 *(.fini_array)
 *(EXCLUDE_FILE(*crtend?.o *crtend.o *crtbegin?.o *crtbegin.o) .dtors)
                0x000000000804af14                PROVIDE (__fini_array_end, .)

.ctors          0x000000000804af14        0x8
 *crtbegin.o(.ctors)
 .ctors         0x000000000804af14        0x4 /usr/lib/gcc/i686-linux-gnu/4.6/crtbegin.o
 *crtbegin?.o(.ctors)
 *(EXCLUDE_FILE(*crtend?.o *crtend.o) .ctors)
 *(SORT(.ctors.*))
 *(.ctors)
 .ctors         0x000000000804af18        0x4 /usr/lib/gcc/i686-linux-gnu/4.6/crtend.o

.dtors          0x000000000804af1c        0x8
 *crtbegin.o(.dtors)
 .dtors         0x000000000804af1c        0x4 /usr/lib/gcc/i686-linux-gnu/4.6/crtbegin.o
 *crtbegin?.o(.dtors)
 *(EXCLUDE_FILE(*crtend?.o *crtend.o) .dtors)
 *(SORT(.dtors.*))
 *(.dtors)
 .dtors         0x000000000804af20        0x4 /usr/lib/gcc/i686-linux-gnu/4.6/crtend.o
                0x000000000804af20                __DTOR_END__

.jcr            0x000000000804af24        0x4
 *(.jcr)
 .jcr           0x000000000804af24        0x0 /usr/lib/gcc/i686-linux-gnu/4.6/crtbegin.o
 .jcr           0x000000000804af24        0x4 /usr/lib/gcc/i686-linux-gnu/4.6/crtend.o

.data.rel.ro
 *(.data.rel.ro.local* .gnu.linkonce.d.rel.ro.local.*)
 *(.data.rel.ro* .gnu.linkonce.d.rel.ro.*)

.dynamic        0x000000000804af28       0xc8
 *(.dynamic)
 .dynamic       0x000000000804af28       0xc8 /usr/lib/gcc/i686-linux-gnu/4.6/../../../i386-linux-gnu/crt1.o
                0x000000000804af28                _DYNAMIC

.got            0x000000000804aff0        0x4
 *(.got)
 .got           0x000000000804aff0        0x4 /usr/lib/gcc/i686-linux-gnu/4.6/../../../i386-linux-gnu/crt1.o
 *(.igot)
                0x000000000804aff4                . = DATA_SEGMENT_RELRO_END (., 0xc)

.got.plt        0x000000000804aff4       0x78
 *(.got.plt)
 .got.plt       0x000000000804aff4       0x78 /usr/lib/gcc/i686-linux-gnu/4.6/../../../i386-linux-gnu/crt1.o
                0x000000000804aff4                _GLOBAL_OFFSET_TABLE_
 *(.igot.plt)
 .igot.plt      0x0000000000000000        0x0 /usr/lib/gcc/i686-linux-gnu/4.6/../../../i386-linux-gnu/crt1.o

.data           0x000000000804b080       0x48
 *(.data .data.* .gnu.linkonce.d.*)
 .data          0x000000000804b080        0x4 /usr/lib/gcc/i686-linux-gnu/4.6/../../../i386-linux-gnu/crt1.o
                0x000000000804b080                data_start
                0x000000000804b080                __data_start
 .data          0x000000000804b084        0x0 /usr/lib/gcc/i686-linux-gnu/4.6/../../../i386-linux-gnu/crti.o
 .data          0x000000000804b084        0x4 /usr/lib/gcc/i686-linux-gnu/4.6/crtbegin.o
                0x000000000804b084                __dso_handle
 *fill*         0x000000000804b088       0x18 00
 .data          0x000000000804b0a0       0x28 seriallisten.o
 .data          0x000000000804b0c8        0x0 libmote.a(serialsource.o)
 .data          0x000000000804b0c8        0x0 /usr/lib/i386-linux-gnu/libc_nonshared.a(elf-init.oS)
 .data          0x000000000804b0c8        0x0 /usr/lib/gcc/i686-linux-gnu/4.6/crtend.o
 .data          0x000000000804b0c8        0x0 /usr/lib/gcc/i686-linux-gnu/4.6/../../../i386-linux-gnu/crtn.o

.data1
 *(.data1)
                0x000000000804b0c8                _edata = .
                0x000000000804b0c8                PROVIDE (edata, .)
                0x000000000804b0c8                __bss_start = .

.bss            0x000000000804b0c8        0xc
 *(.dynbss)
 .dynbss        0x000000000804b0c8        0x4 /usr/lib/gcc/i686-linux-gnu/4.6/../../../i386-linux-gnu/crt1.o
                0x000000000804b0c8                stderr@@GLIBC_2.0
 *(.bss .bss.* .gnu.linkonce.b.*)
 .bss           0x000000000804b0cc        0x0 /usr/lib/gcc/i686-linux-gnu/4.6/../../../i386-linux-gnu/crt1.o
 .bss           0x000000000804b0cc        0x0 /usr/lib/gcc/i686-linux-gnu/4.6/../../../i386-linux-gnu/crti.o
 .bss           0x000000000804b0cc        0x8 /usr/lib/gcc/i686-linux-gnu/4.6/crtbegin.o
 .bss           0x000000000804b0d4        0x0 seriallisten.o
 .bss           0x000000000804b0d4        0x0 libmote.a(serialsource.o)
 .bss           0x000000000804b0d4        0x0 /usr/lib/i386-linux-gnu/libc_nonshared.a(elf-init.oS)
 .bss           0x000000000804b0d4        0x0 /usr/lib/gcc/i686-linux-gnu/4.6/crtend.o
 .bss           0x000000000804b0d4        0x0 /usr/lib/gcc/i686-linux-gnu/4.6/../../../i386-linux-gnu/crtn.o
 *(COMMON)
                0x000000000804b0d4                . = ALIGN ((. != 0x0)?0x4:0x1)
                0x000000000804b0d4                . = ALIGN (0x4)
                0x000000000804b0d4                . = ALIGN (0x4)
                0x000000000804b0d4                _end = .
                0x000000000804b0d4                PROVIDE (end, .)
                0x000000000804b0d4                . = DATA_SEGMENT_END (.)

.stab
 *(.stab)

.stabstr
 *(.stabstr)

.stab.excl
 *(.stab.excl)

.stab.exclstr
 *(.stab.exclstr)

.stab.index
 *(.stab.index)

.stab.indexstr
 *(.stab.indexstr)

.comment        0x0000000000000000       0x2a
 *(.comment)
 .comment       0x0000000000000000       0x2a /usr/lib/gcc/i686-linux-gnu/4.6/crtbegin.o
                                         0x2b (size before relaxing)
 .comment       0x0000000000000000       0x2b seriallisten.o
 .comment       0x0000000000000000       0x2b libmote.a(serialsource.o)
 .comment       0x0000000000000000       0x2b /usr/lib/i386-linux-gnu/libc_nonshared.a(elf-init.oS)
 .comment       0x0000000000000000       0x2b /usr/lib/gcc/i686-linux-gnu/4.6/crtend.o

.debug
 *(.debug)

.line
 *(.line)

.debug_srcinfo
 *(.debug_srcinfo)

.debug_sfnames
 *(.debug_sfnames)

.debug_aranges  0x0000000000000000       0x20
 *(.debug_aranges)
 .debug_aranges
                0x0000000000000000       0x20 libmote.a(serialsource.o)

.debug_pubnames
 *(.debug_pubnames)

.debug_info     0x0000000000000000     0x1816
 *(.debug_info .gnu.linkonce.wi.*)
 .debug_info    0x0000000000000000     0x1816 libmote.a(serialsource.o)

.debug_abbrev   0x0000000000000000      0x3fe
 *(.debug_abbrev)
 .debug_abbrev  0x0000000000000000      0x3fe libmote.a(serialsource.o)

.debug_line     0x0000000000000000      0x5d2
 *(.debug_line)
 .debug_line    0x0000000000000000      0x5d2 libmote.a(serialsource.o)

.debug_frame
 *(.debug_frame)

.debug_str      0x0000000000000000      0x768
 *(.debug_str)
 .debug_str     0x0000000000000000      0x768 libmote.a(serialsource.o)
                                        0x81e (size before relaxing)

.debug_loc      0x0000000000000000     0x1123
 *(.debug_loc)
 .debug_loc     0x0000000000000000     0x1123 libmote.a(serialsource.o)

.debug_macinfo
 *(.debug_macinfo)

.debug_weaknames
 *(.debug_weaknames)

.debug_funcnames
 *(.debug_funcnames)

.debug_typenames
 *(.debug_typenames)

.debug_varnames
 *(.debug_varnames)

.debug_pubtypes
 *(.debug_pubtypes)

.debug_ranges   0x0000000000000000      0x4c8
 *(.debug_ranges)
 .debug_ranges  0x0000000000000000      0x4c8 libmote.a(serialsource.o)

.gnu.attributes
 *(.gnu.attributes)

/DISCARD/
 *(.note.GNU-stack)
 *(.gnu_debuglink)
 *(.gnu.lto_*)
OUTPUT(seriallisten elf32-i386)
