Archive member included because of file (symbol)

libmote.a(serialsource.o)     Tracker.o (open_serial_source)
/usr/lib/i386-linux-gnu/libc_nonshared.a(elf-init.oS)
                              /usr/lib/gcc/i686-linux-gnu/4.6/../../../i386-linux-gnu/crt1.o (__libc_csu_init)

Allocating common symbols
Common symbol       size              file

Packet_Buffer       0x1f4             Tracker.o
Rec_Packet          0xa               Tracker.o
g_settings          0x18              Tracker.o

Discarded input sections

 .note.GNU-stack
                0x0000000000000000        0x0 /usr/lib/gcc/i686-linux-gnu/4.6/../../../i386-linux-gnu/crt1.o
 .gnu_debuglink
                0x0000000000000000        0xc /usr/lib/gcc/i686-linux-gnu/4.6/../../../i386-linux-gnu/crt1.o
 .note.GNU-stack
                0x0000000000000000        0x0 /usr/lib/gcc/i686-linux-gnu/4.6/../../../i386-linux-gnu/crti.o
 .gnu_debuglink
                0x0000000000000000        0xc /usr/lib/gcc/i686-linux-gnu/4.6/../../../i386-linux-gnu/crti.o
 .note.GNU-stack
                0x0000000000000000        0x0 /usr/lib/gcc/i686-linux-gnu/4.6/crtbegin.o
 .note.GNU-stack
                0x0000000000000000        0x0 Tracker.o
 .note.GNU-stack
                0x0000000000000000        0x0 libmote.a(serialsource.o)
 .group         0x0000000000000000        0x8 /usr/lib/i386-linux-gnu/libc_nonshared.a(elf-init.oS)
 .note.GNU-stack
                0x0000000000000000        0x0 /usr/lib/i386-linux-gnu/libc_nonshared.a(elf-init.oS)
 .note.GNU-stack
                0x0000000000000000        0x0 /usr/lib/gcc/i686-linux-gnu/4.6/crtend.o
 .note.GNU-stack
                0x0000000000000000        0x0 /usr/lib/gcc/i686-linux-gnu/4.6/../../../i386-linux-gnu/crtn.o
 .gnu_debuglink
                0x0000000000000000        0xc /usr/lib/gcc/i686-linux-gnu/4.6/../../../i386-linux-gnu/crtn.o

Memory Configuration

Name             Origin             Length             Attributes
*default*        0x0000000000000000 0xffffffffffffffff

Linker script and memory map

LOAD /usr/lib/gcc/i686-linux-gnu/4.6/../../../i386-linux-gnu/crt1.o
LOAD /usr/lib/gcc/i686-linux-gnu/4.6/../../../i386-linux-gnu/crti.o
LOAD /usr/lib/gcc/i686-linux-gnu/4.6/crtbegin.o
LOAD Tracker.o
LOAD libmote.a
LOAD /usr/lib/i386-linux-gnu/libmysqlclient.so
LOAD /usr/lib/i386-linux-gnu/libpthread.so
START GROUP
LOAD /lib/i386-linux-gnu/libpthread.so.0
LOAD /usr/lib/i386-linux-gnu/libpthread_nonshared.a
END GROUP
LOAD /usr/lib/i386-linux-gnu/libz.so
LOAD /usr/lib/i386-linux-gnu/libm.so
LOAD /usr/lib/i386-linux-gnu/librt.so
LOAD /usr/lib/i386-linux-gnu/libdl.so
LOAD /usr/lib/gcc/i686-linux-gnu/4.6/libgcc.a
LOAD /usr/lib/gcc/i686-linux-gnu/4.6/libgcc_s.so
LOAD /usr/lib/i386-linux-gnu/libc.so
START GROUP
LOAD /lib/i386-linux-gnu/libc.so.6
LOAD /usr/lib/i386-linux-gnu/libc_nonshared.a
LOAD /lib/i386-linux-gnu/ld-linux.so.2
END GROUP
LOAD /usr/lib/gcc/i686-linux-gnu/4.6/libgcc.a
LOAD /usr/lib/gcc/i686-linux-gnu/4.6/libgcc_s.so
LOAD /usr/lib/gcc/i686-linux-gnu/4.6/crtend.o
LOAD /usr/lib/gcc/i686-linux-gnu/4.6/../../../i386-linux-gnu/crtn.o
                0x0000000008048000                PROVIDE (__executable_start, 0x8048000)
                0x0000000008048154                . = (0x8048000 + SIZEOF_HEADERS)

.interp         0x0000000008048154       0x13
 *(.interp)
 .interp        0x0000000008048154       0x13 /usr/lib/gcc/i686-linux-gnu/4.6/../../../i386-linux-gnu/crt1.o

.note.ABI-tag   0x0000000008048168       0x20
 .note.ABI-tag  0x0000000008048168       0x20 /usr/lib/gcc/i686-linux-gnu/4.6/../../../i386-linux-gnu/crt1.o

.note.gnu.build-id
                0x0000000008048188       0x24
 *(.note.gnu.build-id)
 .note.gnu.build-id
                0x0000000008048188       0x24 /usr/lib/gcc/i686-linux-gnu/4.6/../../../i386-linux-gnu/crt1.o

.hash
 *(.hash)

.gnu.hash       0x00000000080481ac       0x48
 *(.gnu.hash)
 .gnu.hash      0x00000000080481ac       0x48 /usr/lib/gcc/i686-linux-gnu/4.6/../../../i386-linux-gnu/crt1.o

.dynsym         0x00000000080481f4      0x360
 *(.dynsym)
 .dynsym        0x00000000080481f4      0x360 /usr/lib/gcc/i686-linux-gnu/4.6/../../../i386-linux-gnu/crt1.o

.dynstr         0x0000000008048554      0x263
 *(.dynstr)
 .dynstr        0x0000000008048554      0x263 /usr/lib/gcc/i686-linux-gnu/4.6/../../../i386-linux-gnu/crt1.o

.gnu.version    0x00000000080487b8       0x6c
 *(.gnu.version)
 .gnu.version   0x00000000080487b8       0x6c /usr/lib/gcc/i686-linux-gnu/4.6/../../../i386-linux-gnu/crt1.o

.gnu.version_d  0x0000000008048824        0x0
 *(.gnu.version_d)
 .gnu.version_d
                0x0000000000000000        0x0 /usr/lib/gcc/i686-linux-gnu/4.6/../../../i386-linux-gnu/crt1.o

.gnu.version_r  0x0000000008048824       0x80
 *(.gnu.version_r)
 .gnu.version_r
                0x0000000008048824       0x80 /usr/lib/gcc/i686-linux-gnu/4.6/../../../i386-linux-gnu/crt1.o

.rel.dyn        0x00000000080488a4       0x20
 *(.rel.init)
 *(.rel.text .rel.text.* .rel.gnu.linkonce.t.*)
 .rel.text      0x0000000000000000        0x0 /usr/lib/gcc/i686-linux-gnu/4.6/../../../i386-linux-gnu/crt1.o
 *(.rel.fini)
 *(.rel.rodata .rel.rodata.* .rel.gnu.linkonce.r.*)
 *(.rel.data.rel.ro* .rel.gnu.linkonce.d.rel.ro.*)
 *(.rel.data .rel.data.* .rel.gnu.linkonce.d.*)
 *(.rel.tdata .rel.tdata.* .rel.gnu.linkonce.td.*)
 *(.rel.tbss .rel.tbss.* .rel.gnu.linkonce.tb.*)
 *(.rel.ctors)
 *(.rel.dtors)
 *(.rel.got)
 .rel.got       0x00000000080488a4        0x8 /usr/lib/gcc/i686-linux-gnu/4.6/../../../i386-linux-gnu/crt1.o
 *(.rel.bss .rel.bss.* .rel.gnu.linkonce.b.*)
 .rel.bss       0x00000000080488ac       0x18 /usr/lib/gcc/i686-linux-gnu/4.6/../../../i386-linux-gnu/crt1.o
 *(.rel.ifunc)

.rel.plt        0x00000000080488c4      0x158
 *(.rel.plt)
 .rel.plt       0x00000000080488c4      0x158 /usr/lib/gcc/i686-linux-gnu/4.6/../../../i386-linux-gnu/crt1.o
                0x0000000008048a1c                PROVIDE (__rel_iplt_start, .)
 *(.rel.iplt)
 .rel.iplt      0x0000000000000000        0x0 /usr/lib/gcc/i686-linux-gnu/4.6/../../../i386-linux-gnu/crt1.o
                0x0000000008048a1c                PROVIDE (__rel_iplt_end, .)

.init           0x0000000008048a1c       0x2e
 *(.init)
 .init          0x0000000008048a1c       0x1f /usr/lib/gcc/i686-linux-gnu/4.6/../../../i386-linux-gnu/crti.o
                0x0000000008048a1c                _init
 .init          0x0000000008048a3b        0x5 /usr/lib/gcc/i686-linux-gnu/4.6/crtbegin.o
 .init          0x0000000008048a40        0x5 /usr/lib/gcc/i686-linux-gnu/4.6/crtend.o
 .init          0x0000000008048a45        0x5 /usr/lib/gcc/i686-linux-gnu/4.6/../../../i386-linux-gnu/crtn.o

.plt            0x0000000008048a50      0x2c0
 *(.plt)
 .plt           0x0000000008048a50      0x2c0 /usr/lib/gcc/i686-linux-gnu/4.6/../../../i386-linux-gnu/crt1.o
                0x0000000008048a60                strcmp@@GLIBC_2.0
                0x0000000008048a70                read@@GLIBC_2.0
                0x0000000008048a80                printf@@GLIBC_2.0
                0x0000000008048a90                fflush@@GLIBC_2.0
                0x0000000008048aa0                tcflush@@GLIBC_2.0
                0x0000000008048ab0                memmove@@GLIBC_2.0
                0x0000000008048ac0                free@@GLIBC_2.0
                0x0000000008048ad0                memcpy@@GLIBC_2.0
                0x0000000008048ae0                mysql_query
                0x0000000008048af0                mysql_fetch_row
                0x0000000008048b00                cfsetospeed@@GLIBC_2.0
                0x0000000008048b10                mysql_num_fields
                0x0000000008048b20                gettimeofday@@GLIBC_2.0
                0x0000000008048b30                select@@GLIBC_2.0
                0x0000000008048b40                __stack_chk_fail@@GLIBC_2.4
                0x0000000008048b50                __fdelt_chk@@GLIBC_2.15
                0x0000000008048b60                strcat@@GLIBC_2.0
                0x0000000008048b70                tcsetattr@@GLIBC_2.0
                0x0000000008048b80                malloc@@GLIBC_2.0
                0x0000000008048b90                puts@@GLIBC_2.0
                0x0000000008048bb0                exit@@GLIBC_2.0
                0x0000000008048bc0                open@@GLIBC_2.0
                0x0000000008048bd0                __libc_start_main@@GLIBC_2.0
                0x0000000008048be0                fprintf@@GLIBC_2.0
                0x0000000008048bf0                write@@GLIBC_2.0
                0x0000000008048c00                cfsetispeed@@GLIBC_2.0
                0x0000000008048c10                fcntl@@GLIBC_2.0
                0x0000000008048c20                mysql_real_connect
                0x0000000008048c30                putchar@@GLIBC_2.0
                0x0000000008048c40                __errno_location@@GLIBC_2.0
                0x0000000008048c50                mysql_close
                0x0000000008048c60                mysql_init
                0x0000000008048c70                mysql_free_result
                0x0000000008048c80                mysql_use_result
                0x0000000008048c90                mysql_error
                0x0000000008048ca0                sprintf@@GLIBC_2.0
                0x0000000008048cb0                __isoc99_scanf@@GLIBC_2.7
                0x0000000008048cc0                atoi@@GLIBC_2.0
                0x0000000008048cd0                strtol@@GLIBC_2.0
                0x0000000008048ce0                close@@GLIBC_2.0
                0x0000000008048cf0                __ctype_b_loc@@GLIBC_2.3
                0x0000000008048d00                calloc@@GLIBC_2.0
 *(.iplt)
 .iplt          0x0000000000000000        0x0 /usr/lib/gcc/i686-linux-gnu/4.6/../../../i386-linux-gnu/crt1.o

.text           0x0000000008048d10     0x48fc
 *(.text.unlikely .text.*_unlikely)
 *(.text.exit .text.exit.*)
 *(.text.startup .text.startup.*)
 *(.text.hot .text.hot.*)
 *(.text .stub .text.* .gnu.linkonce.t.*)
 .text          0x0000000008048d10       0x24 /usr/lib/gcc/i686-linux-gnu/4.6/../../../i386-linux-gnu/crt1.o
                0x0000000008048d10                _start
 .text          0x0000000008048d34        0x0 /usr/lib/gcc/i686-linux-gnu/4.6/../../../i386-linux-gnu/crti.o
 *fill*         0x0000000008048d34        0xc 90909090
 .text          0x0000000008048d40       0x83 /usr/lib/gcc/i686-linux-gnu/4.6/crtbegin.o
 *fill*         0x0000000008048dc3        0x1 90909090
 .text          0x0000000008048dc4     0x3800 Tracker.o
                0x0000000008048dc4                stderr_msg
                0x0000000008048df0                main
                0x0000000008049071                clearScreen
                0x000000000804909b                profiling
                0x00000000080494bd                delete_pos_data
                0x00000000080496fa                store
                0x00000000080498aa                store_g_settings
                0x0000000008049c1e                create_tables
                0x000000000804a7ae                set_g_settings
                0x000000000804a8ca                clear_database
                0x000000000804ab0f                get_sensor_id
                0x000000000804add6                display_settings
                0x000000000804aea7                check_db_health
                0x000000000804b4a2                populate_main
                0x000000000804b809                Monitoring
                0x000000000804bb7e                store_monitor
                0x000000000804bd00                get_position
 *fill*         0x000000000804c5c4        0xc 90909090
 .text          0x000000000804c5d0      0xf8d libmote.a(serialsource.o)
                0x000000000804cdc0                open_serial_source
                0x000000000804d1d0                serial_source_fd
                0x000000000804d1e0                close_serial_source
                0x000000000804d220                serial_source_empty
                0x000000000804d250                read_serial_packet
                0x000000000804d2d0                write_serial_packet
                0x000000000804d3d0                platform_baud_rate
 *fill*         0x000000000804d55d        0x3 90909090
 .text          0x000000000804d560       0x72 /usr/lib/i386-linux-gnu/libc_nonshared.a(elf-init.oS)
                0x000000000804d560                __libc_csu_init
                0x000000000804d5d0                __libc_csu_fini
 .text.__i686.get_pc_thunk.bx
                0x000000000804d5d2        0x4 /usr/lib/i386-linux-gnu/libc_nonshared.a(elf-init.oS)
                0x000000000804d5d2                __i686.get_pc_thunk.bx
 *fill*         0x000000000804d5d6        0xa 90909090
 .text          0x000000000804d5e0       0x2a /usr/lib/gcc/i686-linux-gnu/4.6/crtend.o
 *fill*         0x000000000804d60a        0x2 90909090
 .text          0x000000000804d60c        0x0 /usr/lib/gcc/i686-linux-gnu/4.6/../../../i386-linux-gnu/crtn.o
 *(.gnu.warning)

.fini           0x000000000804d60c       0x1a
 *(.fini)
 .fini          0x000000000804d60c       0x10 /usr/lib/gcc/i686-linux-gnu/4.6/../../../i386-linux-gnu/crti.o
                0x000000000804d60c                _fini
 .fini          0x000000000804d61c        0x5 /usr/lib/gcc/i686-linux-gnu/4.6/crtbegin.o
 .fini          0x000000000804d621        0x5 /usr/lib/gcc/i686-linux-gnu/4.6/../../../i386-linux-gnu/crtn.o
                0x000000000804d626                PROVIDE (__etext, .)
                0x000000000804d626                PROVIDE (_etext, .)
                0x000000000804d626                PROVIDE (etext, .)

.rodata         0x000000000804d628      0xdd1
 *(.rodata .rodata.* .gnu.linkonce.r.*)
 .rodata        0x000000000804d628        0x4 /usr/lib/gcc/i686-linux-gnu/4.6/../../../i386-linux-gnu/crt1.o
                0x000000000804d628                _fp_hw
 .rodata.cst4   0x000000000804d62c        0x4 /usr/lib/gcc/i686-linux-gnu/4.6/../../../i386-linux-gnu/crt1.o
                0x000000000804d62c                _IO_stdin_used
 .rodata        0x000000000804d630      0xd6c Tracker.o
 .rodata.str1.1
                0x000000000804e39c       0x5d libmote.a(serialsource.o)

.rodata1
 *(.rodata1)

.eh_frame_hdr   0x000000000804e3fc      0x114
 *(.eh_frame_hdr)
 .eh_frame_hdr  0x000000000804e3fc      0x114 /usr/lib/gcc/i686-linux-gnu/4.6/../../../i386-linux-gnu/crt1.o

.eh_frame       0x000000000804e510      0x57c
 *(.eh_frame)
 .eh_frame      0x000000000804e510       0x3c /usr/lib/gcc/i686-linux-gnu/4.6/../../../i386-linux-gnu/crt1.o
                                         0x40 (size before relaxing)
 .eh_frame      0x000000000804e54c      0x290 Tracker.o
                                        0x2a8 (size before relaxing)
 .eh_frame      0x000000000804e7dc      0x248 libmote.a(serialsource.o)
                                        0x260 (size before relaxing)
 .eh_frame      0x000000000804ea24       0x64 /usr/lib/i386-linux-gnu/libc_nonshared.a(elf-init.oS)
                                         0x7c (size before relaxing)
 .eh_frame      0x000000000804ea88        0x4 /usr/lib/gcc/i686-linux-gnu/4.6/crtend.o

.gcc_except_table
 *(.gcc_except_table .gcc_except_table.*)

.exception_ranges
 *(.exception_ranges .exception_ranges*)
                0x000000000804ea8c                . = (ALIGN (0x1000) - ((0x1000 - .) & 0xfff))
                0x000000000804ff04                . = DATA_SEGMENT_ALIGN (0x1000, 0x1000)

.eh_frame
 *(.eh_frame)

.gcc_except_table
 *(.gcc_except_table .gcc_except_table.*)

.exception_ranges
 *(.exception_ranges .exception_ranges*)

.tdata
 *(.tdata .tdata.* .gnu.linkonce.td.*)

.tbss
 *(.tbss .tbss.* .gnu.linkonce.tb.*)
 *(.tcommon)

.preinit_array  0x000000000804ff04        0x0
                0x000000000804ff04                PROVIDE (__preinit_array_start, .)
 *(.preinit_array)
                0x000000000804ff04                PROVIDE (__preinit_array_end, .)

.init_array     0x000000000804ff04        0x0
                0x000000000804ff04                PROVIDE (__init_array_start, .)
 *(SORT(.init_array.*) SORT(.ctors.*))
 *(.init_array)
 *(EXCLUDE_FILE(*crtend?.o *crtend.o *crtbegin?.o *crtbegin.o) .ctors)
                0x000000000804ff04                PROVIDE (__init_array_end, .)

.fini_array     0x000000000804ff04        0x0
                0x000000000804ff04                PROVIDE (__fini_array_start, .)
 *(SORT(.fini_array.*) SORT(.dtors.*))
 *(.fini_array)
 *(EXCLUDE_FILE(*crtend?.o *crtend.o *crtbegin?.o *crtbegin.o) .dtors)
                0x000000000804ff04                PROVIDE (__fini_array_end, .)

.ctors          0x000000000804ff04        0x8
 *crtbegin.o(.ctors)
 .ctors         0x000000000804ff04        0x4 /usr/lib/gcc/i686-linux-gnu/4.6/crtbegin.o
 *crtbegin?.o(.ctors)
 *(EXCLUDE_FILE(*crtend?.o *crtend.o) .ctors)
 *(SORT(.ctors.*))
 *(.ctors)
 .ctors         0x000000000804ff08        0x4 /usr/lib/gcc/i686-linux-gnu/4.6/crtend.o

.dtors          0x000000000804ff0c        0x8
 *crtbegin.o(.dtors)
 .dtors         0x000000000804ff0c        0x4 /usr/lib/gcc/i686-linux-gnu/4.6/crtbegin.o
 *crtbegin?.o(.dtors)
 *(EXCLUDE_FILE(*crtend?.o *crtend.o) .dtors)
 *(SORT(.dtors.*))
 *(.dtors)
 .dtors         0x000000000804ff10        0x4 /usr/lib/gcc/i686-linux-gnu/4.6/crtend.o
                0x000000000804ff10                __DTOR_END__

.jcr            0x000000000804ff14        0x4
 *(.jcr)
 .jcr           0x000000000804ff14        0x0 /usr/lib/gcc/i686-linux-gnu/4.6/crtbegin.o
 .jcr           0x000000000804ff14        0x4 /usr/lib/gcc/i686-linux-gnu/4.6/crtend.o

.data.rel.ro
 *(.data.rel.ro.local* .gnu.linkonce.d.rel.ro.local.*)
 *(.data.rel.ro* .gnu.linkonce.d.rel.ro.*)

.dynamic        0x000000000804ff18       0xd8
 *(.dynamic)
 .dynamic       0x000000000804ff18       0xd8 /usr/lib/gcc/i686-linux-gnu/4.6/../../../i386-linux-gnu/crt1.o
                0x000000000804ff18                _DYNAMIC

.got            0x000000000804fff0        0x4
 *(.got)
 .got           0x000000000804fff0        0x4 /usr/lib/gcc/i686-linux-gnu/4.6/../../../i386-linux-gnu/crt1.o
 *(.igot)
                0x000000000804fff4                . = DATA_SEGMENT_RELRO_END (., 0xc)

.got.plt        0x000000000804fff4       0xb8
 *(.got.plt)
 .got.plt       0x000000000804fff4       0xb8 /usr/lib/gcc/i686-linux-gnu/4.6/../../../i386-linux-gnu/crt1.o
                0x000000000804fff4                _GLOBAL_OFFSET_TABLE_
 *(.igot.plt)
 .igot.plt      0x0000000000000000        0x0 /usr/lib/gcc/i686-linux-gnu/4.6/../../../i386-linux-gnu/crt1.o

.data           0x00000000080500c0       0x58
 *(.data .data.* .gnu.linkonce.d.*)
 .data          0x00000000080500c0        0x4 /usr/lib/gcc/i686-linux-gnu/4.6/../../../i386-linux-gnu/crt1.o
                0x00000000080500c0                data_start
                0x00000000080500c0                __data_start
 .data          0x00000000080500c4        0x0 /usr/lib/gcc/i686-linux-gnu/4.6/../../../i386-linux-gnu/crti.o
 .data          0x00000000080500c4        0x4 /usr/lib/gcc/i686-linux-gnu/4.6/crtbegin.o
                0x00000000080500c4                __dso_handle
 *fill*         0x00000000080500c8       0x18 00
 .data          0x00000000080500e0       0x38 Tracker.o
                0x0000000008050108                server
                0x000000000805010c                user
                0x0000000008050110                password
                0x0000000008050114                database
 .data          0x0000000008050118        0x0 libmote.a(serialsource.o)
 .data          0x0000000008050118        0x0 /usr/lib/i386-linux-gnu/libc_nonshared.a(elf-init.oS)
 .data          0x0000000008050118        0x0 /usr/lib/gcc/i686-linux-gnu/4.6/crtend.o
 .data          0x0000000008050118        0x0 /usr/lib/gcc/i686-linux-gnu/4.6/../../../i386-linux-gnu/crtn.o

.data1
 *(.data1)
                0x0000000008050118                _edata = .
                0x0000000008050118                PROVIDE (edata, .)
                0x0000000008050118                __bss_start = .

.bss            0x0000000008050120      0x258
 *(.dynbss)
 .dynbss        0x0000000008050120       0x24 /usr/lib/gcc/i686-linux-gnu/4.6/../../../i386-linux-gnu/crt1.o
                0x0000000008050120                stderr@@GLIBC_2.0
                0x0000000008050124                stdin@@GLIBC_2.0
                0x0000000008050140                stdout@@GLIBC_2.0
 *(.bss .bss.* .gnu.linkonce.b.*)
 .bss           0x0000000008050144        0x0 /usr/lib/gcc/i686-linux-gnu/4.6/../../../i386-linux-gnu/crt1.o
 .bss           0x0000000008050144        0x0 /usr/lib/gcc/i686-linux-gnu/4.6/../../../i386-linux-gnu/crti.o
 .bss           0x0000000008050144        0x8 /usr/lib/gcc/i686-linux-gnu/4.6/crtbegin.o
 .bss           0x000000000805014c        0x0 Tracker.o
 .bss           0x000000000805014c        0x0 libmote.a(serialsource.o)
 .bss           0x000000000805014c        0x0 /usr/lib/i386-linux-gnu/libc_nonshared.a(elf-init.oS)
 .bss           0x000000000805014c        0x0 /usr/lib/gcc/i686-linux-gnu/4.6/crtend.o
 .bss           0x000000000805014c        0x0 /usr/lib/gcc/i686-linux-gnu/4.6/../../../i386-linux-gnu/crtn.o
 *(COMMON)
 *fill*         0x000000000805014c       0x14 00
 COMMON         0x0000000008050160      0x216 Tracker.o
                0x0000000008050160                Packet_Buffer
                0x0000000008050354                Rec_Packet
                0x000000000805035e                g_settings
                0x0000000008050378                . = ALIGN ((. != 0x0)?0x4:0x1)
 *fill*         0x0000000008050376        0x2 00
                0x0000000008050378                . = ALIGN (0x4)
                0x0000000008050378                . = ALIGN (0x4)
                0x0000000008050378                _end = .
                0x0000000008050378                PROVIDE (end, .)
                0x0000000008050378                . = DATA_SEGMENT_END (.)

.stab
 *(.stab)

.stabstr
 *(.stabstr)

.stab.excl
 *(.stab.excl)

.stab.exclstr
 *(.stab.exclstr)

.stab.index
 *(.stab.index)

.stab.indexstr
 *(.stab.indexstr)

.comment        0x0000000000000000       0x2a
 *(.comment)
 .comment       0x0000000000000000       0x2a /usr/lib/gcc/i686-linux-gnu/4.6/crtbegin.o
                                         0x2b (size before relaxing)
 .comment       0x0000000000000000       0x2b Tracker.o
 .comment       0x0000000000000000       0x2b libmote.a(serialsource.o)
 .comment       0x0000000000000000       0x2b /usr/lib/i386-linux-gnu/libc_nonshared.a(elf-init.oS)
 .comment       0x0000000000000000       0x2b /usr/lib/gcc/i686-linux-gnu/4.6/crtend.o

.debug
 *(.debug)

.line
 *(.line)

.debug_srcinfo
 *(.debug_srcinfo)

.debug_sfnames
 *(.debug_sfnames)

.debug_aranges  0x0000000000000000       0x40
 *(.debug_aranges)
 .debug_aranges
                0x0000000000000000       0x20 Tracker.o
 .debug_aranges
                0x0000000000000020       0x20 libmote.a(serialsource.o)

.debug_pubnames
 *(.debug_pubnames)

.debug_info     0x0000000000000000     0x36bf
 *(.debug_info .gnu.linkonce.wi.*)
 .debug_info    0x0000000000000000     0x1ea9 Tracker.o
 .debug_info    0x0000000000001ea9     0x1816 libmote.a(serialsource.o)

.debug_abbrev   0x0000000000000000      0x67b
 *(.debug_abbrev)
 .debug_abbrev  0x0000000000000000      0x27d Tracker.o
 .debug_abbrev  0x000000000000027d      0x3fe libmote.a(serialsource.o)

.debug_line     0x0000000000000000      0xd91
 *(.debug_line)
 .debug_line    0x0000000000000000      0x7bf Tracker.o
 .debug_line    0x00000000000007bf      0x5d2 libmote.a(serialsource.o)

.debug_frame
 *(.debug_frame)

.debug_str      0x0000000000000000     0x1561
 *(.debug_str)
 .debug_str     0x0000000000000000     0x10db Tracker.o
                                       0x1207 (size before relaxing)
 .debug_str     0x00000000000010db      0x486 libmote.a(serialsource.o)
                                        0x81e (size before relaxing)

.debug_loc      0x0000000000000000     0x14db
 *(.debug_loc)
 .debug_loc     0x0000000000000000      0x3b8 Tracker.o
 .debug_loc     0x00000000000003b8     0x1123 libmote.a(serialsource.o)

.debug_macinfo
 *(.debug_macinfo)

.debug_weaknames
 *(.debug_weaknames)

.debug_funcnames
 *(.debug_funcnames)

.debug_typenames
 *(.debug_typenames)

.debug_varnames
 *(.debug_varnames)

.debug_pubtypes
 *(.debug_pubtypes)

.debug_ranges   0x0000000000000000      0x4c8
 *(.debug_ranges)
 .debug_ranges  0x0000000000000000      0x4c8 libmote.a(serialsource.o)

.gnu.attributes
 *(.gnu.attributes)

/DISCARD/
 *(.note.GNU-stack)
 *(.gnu_debuglink)
 *(.gnu.lto_*)
OUTPUT(Tracker elf32-i386)
